# Bake Begins!
### (1 of 6) Copy sources
$ cp -a /home/travis/build/fontdirectory/sanchez/METADATA.json /home/travis/build/fontdirectory/sanchez/builds/build
$ cp -a /home/travis/build/fontdirectory/sanchez/DESCRIPTION.en_us.html /home/travis/build/fontdirectory/sanchez/builds/build
$ cp -a Sanchez-Regular.ttf.ttx Sanchez-Italic.ttf.ttx src/Sanchez-Italic.otf.ttx src/Sanchez-Regular.otf.ttx src/Sanchez-Italic-TTF.sfd src/Sanchez-Regular-TTF.sfd Sanchez-Regular.ttf._l_o_c_a.ttx Sanchez-Regular.ttf.GlyphOrder.ttx Sanchez-Regular.ttf.G_P_O_S_.ttx Sanchez-Regular.ttf._g_l_y_f.ttx Sanchez-Regular.ttf._p_o_s_t.ttx Sanchez-Regular.ttf._n_a_m_e.ttx Sanchez-Regular.ttf._c_m_a_p.ttx Sanchez-Regular.ttf._p_r_e_p.ttx Sanchez-Regular.ttf.F_F_T_M_.ttx Sanchez-Regular.ttf.G_D_E_F_.ttx Sanchez-Regular.ttf._h_h_e_a.ttx Sanchez-Regular.ttf._h_m_t_x.ttx Sanchez-Regular.ttf._m_a_x_p.ttx Sanchez-Regular.ttf.O_S_2f_2.ttx Sanchez-Regular.ttf.D_S_I_G_.ttx Sanchez-Regular.ttf.G_S_U_B_.ttx Sanchez-Regular.ttf._g_a_s_p.ttx Sanchez-Regular.ttf._h_e_a_d.ttx Sanchez-Italic.ttf.F_F_T_M_.ttx Sanchez-Italic.ttf._m_a_x_p.ttx Sanchez-Italic.ttf._g_a_s_p.ttx Sanchez-Italic.ttf._p_r_e_p.ttx Sanchez-Italic.ttf._n_a_m_e.ttx Sanchez-Italic.ttf._c_m_a_p.ttx Sanchez-Italic.ttf.GlyphOrder.ttx Sanchez-Italic.ttf._h_h_e_a.ttx Sanchez-Italic.ttf.G_D_E_F_.ttx Sanchez-Italic.ttf.G_P_O_S_.ttx Sanchez-Italic.ttf._g_l_y_f.ttx Sanchez-Italic.ttf.D_S_I_G_.ttx Sanchez-Italic.ttf.G_S_U_B_.ttx Sanchez-Italic.ttf._h_m_t_x.ttx Sanchez-Italic.ttf.O_S_2f_2.ttx Sanchez-Italic.ttf._h_e_a_d.ttx Sanchez-Italic.ttf._l_o_c_a.ttx Sanchez-Italic.ttf._p_o_s_t.ttx src/Sanchez-Italic.otf.O_S_2f_2.ttx src/Sanchez-Italic.otf._m_a_x_p.ttx src/Sanchez-Italic.otf._c_m_a_p.ttx src/Sanchez-Italic.otf._n_a_m_e.ttx src/Sanchez-Italic.otf._h_e_a_d.ttx src/Sanchez-Italic.otf._k_e_r_n.ttx src/Sanchez-Italic.otf._h_h_e_a.ttx src/Sanchez-Italic.otf.G_S_U_B_.ttx src/Sanchez-Italic.otf._h_m_t_x.ttx src/Sanchez-Italic.otf._p_o_s_t.ttx src/Sanchez-Italic.otf.G_P_O_S_.ttx src/Sanchez-Italic.otf.C_F_F_.ttx src/Sanchez-Italic.otf.GlyphOrder.ttx src/Sanchez-Regular.otf.C_F_F_.ttx src/Sanchez-Regular.otf._c_m_a_p.ttx src/Sanchez-Regular.otf.G_S_U_B_.ttx src/Sanchez-Regular.otf.G_P_O_S_.ttx src/Sanchez-Regular.otf._n_a_m_e.ttx src/Sanchez-Regular.otf._p_o_s_t.ttx src/Sanchez-Regular.otf._m_a_x_p.ttx src/Sanchez-Regular.otf._h_m_t_x.ttx src/Sanchez-Regular.otf._h_h_e_a.ttx src/Sanchez-Regular.otf._h_e_a_d.ttx src/Sanchez-Regular.otf.GlyphOrder.ttx src/Sanchez-Regular.otf.O_S_2f_2.ttx src/Sanchez-Regular.otf._k_e_r_n.ttx /home/travis/build/fontdirectory/sanchez/builds/build/sources
### (2 of 6) pyfontaine
### (3 of 6) Run upstream tests
$ fontbakery-check.py upstream-repo sources
$ fontaine --collections subsets --text /home/travis/build/fontdirectory/sanchez/builds/build/sources/Sanchez-Regular.ttf.ttx /home/travis/build/fontdirectory/sanchez/builds/build/sources/Sanchez-Italic.ttf.ttx /home/travis/build/fontdirectory/sanchez/builds/build/sources/Sanchez-Italic.otf.ttx /home/travis/build/fontdirectory/sanchez/builds/build/sources/Sanchez-Regular.otf.ttx /home/travis/build/fontdirectory/sanchez/builds/build/sources/Sanchez-Italic-TTF.sfd /home/travis/build/fontdirectory/sanchez/builds/build/sources/Sanchez-Regular-TTF.sfd > fontaine.txt
bakery_lint.tests.upstream.test_diacritic.TestDiacritic.test_diacritic_made_as_component(): OK
bakery_lint.tests.upstream.test_diacritic.TestDiacritic.test_diacritic_made_as_mark_to_mark(): OK
bakery_lint.tests.upstream.test_diacritic.TestDiacritic.test_diacritic_made_as_own_glyphs(): OK
WARNING: Please install [PyICU](https://pypi.python.org/pypi/PyICU) toenable [feature], perhaps with: pip install pyicu
pyfontaine error: Not a TrueType or OpenType font (bad sfntVersion)
pyfontaine process has been failed
bakery_lint.tests.upstream.test_prepolation.FontTestPrepolation.test_font_prepolation_glyph_contours(): OK
bakery_lint.tests.upstream.test_prepolation.FontTestPrepolation.test_font_prepolation_glyph_points(): OK
bakery_lint.tests.upstream.test_prepolation.FontTestPrepolation.test_font_test_prepolation_glyph_names(): OK
bakery_lint.tests.upstream.test_check_upstream_sources.ProjectUpstreamTestCase.test_bakery_yaml_exists(): OK
bakery_lint.tests.upstream.test_check_upstream_sources.ProjectUpstreamTestCase.test_copyright_notices_same_across_family(): OK
bakery_lint.tests.upstream.test_check_upstream_sources.ProjectUpstreamTestCase.test_description_html_exists(): OK
bakery_lint.tests.upstream.test_check_upstream_sources.ProjectUpstreamTestCase.test_fontlog_txt_exists(): FAIL
bakery_lint.tests.upstream.test_check_upstream_sources.ProjectUpstreamTestCase.test_metadata_json_exists(): OK
$ fontbakery-check.py upstream-ttx Sanchez-Regular.ttf.ttx
bakery_lint.tests.upstream.test_font_filename_eq_familystyle.TestTTFSourceFontFileNameEqualsFamilyStyle.test_source_ttf_font_filename_equals_familystyle(): FAIL
$ mv /home/travis/build/fontdirectory/sanchez/builds/build/sources/Sanchez-Regular.ttf.ttx /home/travis/build/fontdirectory/sanchez/builds/build/sources/Sanchez-Regular.ttx
bakery_lint.tests.upstream.test_font_filename_eq_familystyle.TestTTFSourceFontFileNameEqualsFamilyStyle.test_source_ttf_font_filename_equals_familystyle(): OK
bakery_lint.tests.upstream.test_check_ttx_requirements.SourceTTXTest.test_epar_in_keys(): FAIL
bakery_lint.tests.upstream.test_check_ttx_requirements.SourceTTXTest.test_os2_in_keys(): OK
bakery_lint.tests.upstream.test_check_ttx_requirements.SourceTTXTest.test_ttx_doesnt_contain_duplicate_glyphs(): OK
bakery_lint.tests.upstream.test_glyphname_does_not_contain_disallowed_chars.TestGlyphNameDoesNotContainsDisallowedChars.test_glyphname_does_not_contain_disallowed_chars(): FAIL
bakery_lint.tests.upstream.test_check_ttx_fontfamily_recommendations.TTX_FontFamilyNamingTest.test_ttx_family_naming_recommendation(): OK
$ fontbakery-check.py upstream-ttx Sanchez-Italic.ttf.ttx
bakery_lint.tests.upstream.test_font_filename_eq_familystyle.TestTTFSourceFontFileNameEqualsFamilyStyle.test_source_ttf_font_filename_equals_familystyle(): FAIL
$ mv /home/travis/build/fontdirectory/sanchez/builds/build/sources/Sanchez-Italic.ttf.ttx /home/travis/build/fontdirectory/sanchez/builds/build/sources/Sanchez-Italic.ttx
bakery_lint.tests.upstream.test_font_filename_eq_familystyle.TestTTFSourceFontFileNameEqualsFamilyStyle.test_source_ttf_font_filename_equals_familystyle(): OK
bakery_lint.tests.upstream.test_check_ttx_requirements.SourceTTXTest.test_epar_in_keys(): FAIL
bakery_lint.tests.upstream.test_check_ttx_requirements.SourceTTXTest.test_os2_in_keys(): OK
bakery_lint.tests.upstream.test_check_ttx_requirements.SourceTTXTest.test_ttx_doesnt_contain_duplicate_glyphs(): OK
bakery_lint.tests.upstream.test_glyphname_does_not_contain_disallowed_chars.TestGlyphNameDoesNotContainsDisallowedChars.test_glyphname_does_not_contain_disallowed_chars(): FAIL
bakery_lint.tests.upstream.test_check_ttx_fontfamily_recommendations.TTX_FontFamilyNamingTest.test_ttx_family_naming_recommendation(): OK
$ fontbakery-check.py upstream-ttx Sanchez-Italic.otf.ttx
bakery_lint.tests.upstream.test_font_filename_eq_familystyle.TestTTFSourceFontFileNameEqualsFamilyStyle.test_source_ttf_font_filename_equals_familystyle(): FAIL
$ mv /home/travis/build/fontdirectory/sanchez/builds/build/sources/Sanchez-Italic.otf.ttx /home/travis/build/fontdirectory/sanchez/builds/build/sources/Sanchez-Italic.ttx
bakery_lint.tests.upstream.test_font_filename_eq_familystyle.TestTTFSourceFontFileNameEqualsFamilyStyle.test_source_ttf_font_filename_equals_familystyle(): OK
bakery_lint.tests.upstream.test_check_ttx_requirements.SourceTTXTest.test_epar_in_keys(): FAIL
bakery_lint.tests.upstream.test_check_ttx_requirements.SourceTTXTest.test_os2_in_keys(): OK
bakery_lint.tests.upstream.test_check_ttx_requirements.SourceTTXTest.test_ttx_doesnt_contain_duplicate_glyphs(): OK
bakery_lint.tests.upstream.test_glyphname_does_not_contain_disallowed_chars.TestGlyphNameDoesNotContainsDisallowedChars.test_glyphname_does_not_contain_disallowed_chars(): OK
bakery_lint.tests.upstream.test_check_ttx_fontfamily_recommendations.TTX_FontFamilyNamingTest.test_ttx_family_naming_recommendation(): OK
$ fontbakery-check.py upstream-ttx Sanchez-Regular.otf.ttx
bakery_lint.tests.upstream.test_font_filename_eq_familystyle.TestTTFSourceFontFileNameEqualsFamilyStyle.test_source_ttf_font_filename_equals_familystyle(): FAIL
$ mv /home/travis/build/fontdirectory/sanchez/builds/build/sources/Sanchez-Regular.otf.ttx /home/travis/build/fontdirectory/sanchez/builds/build/sources/Sanchez-Regular.ttx
bakery_lint.tests.upstream.test_font_filename_eq_familystyle.TestTTFSourceFontFileNameEqualsFamilyStyle.test_source_ttf_font_filename_equals_familystyle(): OK
bakery_lint.tests.upstream.test_check_ttx_requirements.SourceTTXTest.test_epar_in_keys(): FAIL
bakery_lint.tests.upstream.test_check_ttx_requirements.SourceTTXTest.test_os2_in_keys(): OK
bakery_lint.tests.upstream.test_check_ttx_requirements.SourceTTXTest.test_ttx_doesnt_contain_duplicate_glyphs(): OK
bakery_lint.tests.upstream.test_glyphname_does_not_contain_disallowed_chars.TestGlyphNameDoesNotContainsDisallowedChars.test_glyphname_does_not_contain_disallowed_chars(): OK
bakery_lint.tests.upstream.test_check_ttx_fontfamily_recommendations.TTX_FontFamilyNamingTest.test_ttx_family_naming_recommendation(): OK
$ fontbakery-check.py upstream Sanchez-Italic-TTF.sfd
bakery_lint.tests.upstream.test_contour_count.TestContourCount.test_contour_count(): ERROR
bakery_lint.tests.upstream.test_unicode_value_should_appear_only_once_per_font.UnicodeValueShouldAppearOnlyOnce.testUnicodeValue(): ERROR
bakery_lint.tests.upstream.test_font_filename_eq_familystyle.TestTTFSourceFontFileNameEqualsFamilyStyle.test_source_ttf_font_filename_equals_familystyle(): ERROR
bakery_lint.tests.upstream.test_check_ufo_requirements.UfoOpenTest.test_has_rupee(): ERROR
bakery_lint.tests.upstream.test_check_ufo_requirements.UfoOpenTest.test_is_A(): ERROR
bakery_lint.tests.upstream.test_check_ufo_requirements.UfoOpenTest.test_is_A_a_glyph_instance(): ERROR
bakery_lint.tests.upstream.test_check_ufo_requirements.UfoOpenTest.test_is_ended_ufo(): ERROR
bakery_lint.tests.upstream.test_check_ufo_requirements.UfoOpenTest.test_is_folder(): ERROR
bakery_lint.tests.upstream.test_check_ufo_requirements.UfoOpenTest.test_is_fsType_eq_1(): ERROR
bakery_lint.tests.upstream.test_check_ufo_requirements.UfoOpenTest.test_it_exists(): ERROR
bakery_lint.tests.upstream.test_check_ufo_fontfamily_recommendations.TestUFOFontFamilyNamingTest.test_familyname_less_than_32_chars(): OK
bakery_lint.tests.upstream.test_check_ufo_fontfamily_recommendations.TestUFOFontFamilyNamingTest.test_fullfontname_less_than_64_chars(): OK
bakery_lint.tests.upstream.test_check_ufo_fontfamily_recommendations.TestUFOFontFamilyNamingTest.test_postscriptname_consistof_allowed_chars(): OK
bakery_lint.tests.upstream.test_check_ufo_fontfamily_recommendations.TestUFOFontFamilyNamingTest.test_postscriptname_less_than_30_chars(): OK
bakery_lint.tests.upstream.test_check_ufo_fontfamily_recommendations.TestUFOFontFamilyNamingTest.test_stylename_less_than_32_chars(): OK
bakery_lint.tests.upstream.test_check_ufo_fontfamily_recommendations.TestUFOFontFamilyNamingTest.test_weight_value_range_between_250_and_900(): OK
$ fontbakery-check.py upstream Sanchez-Regular-TTF.sfd
bakery_lint.tests.upstream.test_contour_count.TestContourCount.test_contour_count(): ERROR
bakery_lint.tests.upstream.test_unicode_value_should_appear_only_once_per_font.UnicodeValueShouldAppearOnlyOnce.testUnicodeValue(): ERROR
bakery_lint.tests.upstream.test_font_filename_eq_familystyle.TestTTFSourceFontFileNameEqualsFamilyStyle.test_source_ttf_font_filename_equals_familystyle(): ERROR
bakery_lint.tests.upstream.test_check_ufo_requirements.UfoOpenTest.test_has_rupee(): ERROR
bakery_lint.tests.upstream.test_check_ufo_requirements.UfoOpenTest.test_is_A(): ERROR
bakery_lint.tests.upstream.test_check_ufo_requirements.UfoOpenTest.test_is_A_a_glyph_instance(): ERROR
bakery_lint.tests.upstream.test_check_ufo_requirements.UfoOpenTest.test_is_ended_ufo(): ERROR
bakery_lint.tests.upstream.test_check_ufo_requirements.UfoOpenTest.test_is_folder(): ERROR
bakery_lint.tests.upstream.test_check_ufo_requirements.UfoOpenTest.test_is_fsType_eq_1(): ERROR
bakery_lint.tests.upstream.test_check_ufo_requirements.UfoOpenTest.test_it_exists(): ERROR
bakery_lint.tests.upstream.test_check_ufo_fontfamily_recommendations.TestUFOFontFamilyNamingTest.test_familyname_less_than_32_chars(): OK
bakery_lint.tests.upstream.test_check_ufo_fontfamily_recommendations.TestUFOFontFamilyNamingTest.test_fullfontname_less_than_64_chars(): OK
bakery_lint.tests.upstream.test_check_ufo_fontfamily_recommendations.TestUFOFontFamilyNamingTest.test_postscriptname_consistof_allowed_chars(): OK
bakery_lint.tests.upstream.test_check_ufo_fontfamily_recommendations.TestUFOFontFamilyNamingTest.test_postscriptname_less_than_30_chars(): OK
bakery_lint.tests.upstream.test_check_ufo_fontfamily_recommendations.TestUFOFontFamilyNamingTest.test_stylename_less_than_32_chars(): OK
bakery_lint.tests.upstream.test_check_ufo_fontfamily_recommendations.TestUFOFontFamilyNamingTest.test_weight_value_range_between_250_and_900(): OK
### (4 of 6) Convert sources to TTF
$ ttx -d /home/travis/build/fontdirectory/sanchez/builds/build /home/travis/build/fontdirectory/sanchez/builds/build/sources/Sanchez-Italic.ttx /home/travis/build/fontdirectory/sanchez/builds/build/sources/Sanchez-Regular.ttx
$ fontbakery-build-font2ttf.py sources/Sanchez-Italic.otf Sanchez-Italic.ttf
This font contains both a 'kern' table and a 'GPOS' table.
  The 'kern' table will only be read if there is no 'kern' feature in 'GPOS'.
Success: Generated OpenType-TTF (/home/travis/build/fontdirectory/sanchez/builds/build/Sanchez-Italic.ttf)
strippedname:/home/travis/build/fontdirectory/sanchez/builds/build/sources/Sanchez-Italic-TTF.sfd
strippedname:/home/travis/build/fontdirectory/sanchez/builds/build/sources/Sanchez-Regular-TTF.sfd
Compiling "/home/travis/build/fontdirectory/sanchez/builds/build/sources/Sanchez-Italic.ttx" to "/home/travis/build/fontdirectory/sanchez/builds/build/Sanchez-Italic.otf"...
Parsing 'GlyphOrder' table...
Parsing 'head' table...
Parsing 'hhea' table...
Parsing 'maxp' table...
Parsing 'OS/2' table...
Parsing 'name' table...
Parsing 'cmap' table...
Parsing 'post' table...
Parsing 'CFF ' table...
Parsing 'GPOS' table...
Parsing 'GSUB' table...
Parsing 'hmtx' table...
Parsing 'kern' table...
Compiling "/home/travis/build/fontdirectory/sanchez/builds/build/sources/Sanchez-Regular.ttx" to "/home/travis/build/fontdirectory/sanchez/builds/build/Sanchez-Regular.otf"...
Parsing 'GlyphOrder' table...
Parsing 'head' table...
Parsing 'hhea' table...
Parsing 'maxp' table...
Parsing 'OS/2' table...
Parsing 'name' table...
Parsing 'cmap' table...
Parsing 'post' table...
Parsing 'CFF ' table...
Parsing 'GPOS' table...
Parsing 'GSUB' table...
Parsing 'hmtx' table...
Parsing 'kern' table...
strippedname:/home/travis/build/fontdirectory/sanchez/builds/build/Sanchez-Italic.otf
### Test Sanchez-Italic.ttf
$ fontbakery-check.py result Sanchez-Italic.ttf
bakery_lint.tests.downstream.test_check_panose_identification.CheckPanoseIdentification.test_check_panose_identification(): OK
bakery_lint.tests.downstream.test_check_os2_width_class.CheckOS2WidthClass.test_check_os2_width_class(): OK
bakery_lint.tests.downstream.test_check_full_font_name_begins_with_family_name.CheckFullFontNameBeginsWithFamilyName.test_check_full_font_name_begins_with_family_name(): OK
bakery_lint.tests.downstream.test_check_hmtx_hhea_max_advance_width_agreement.CheckHmtxHheaMaxAdvanceWidthAgreement.test_check_hmtx_hhea_max_advance_width_agreement(): OK
bakery_lint.tests.downstream.test_check_upm_heights_less_120.TestCheckUPMHeightsLess120.test_check_upm_heigths_less_120(): FAIL
bakery_lint.tests.downstream.test_check_unused_glyph_data.CheckUnusedGlyphData.test_check_unused_glyph_data(): ERROR
bakery_lint.tests.downstream.test_names_are_ascii_only.CheckNamesAreASCIIOnly.test_check_names_are_ascii_only(): FAIL
$ fontbakery-fix-ascii-fontmetadata.py /home/travis/build/fontdirectory/sanchez/builds/build/Sanchez-Italic.ttf
$ mv /home/travis/build/fontdirectory/sanchez/builds/build/Sanchez-Italic.ttf.fix /home/travis/build/fontdirectory/sanchez/builds/build/Sanchez-Italic.ttf
bakery_lint.tests.downstream.test_names_are_ascii_only.CheckNamesAreASCIIOnly.test_check_names_are_ascii_only(): OK
bakery_lint.tests.downstream.test_check_vertical_metrics.CheckVerticalLinegapMetrics.test_metrics_linegaps_are_zero(): OK
bakery_lint.tests.downstream.test_check_vertical_metrics.CheckVerticalAscentMetrics.test_metrics_ascents_equal_bbox(): FAIL
$ fontbakery-fix-vertical-metrics.py --autofix /home/travis/build/fontdirectory/sanchez/builds/build/Sanchez-Regular.otf /home/travis/build/fontdirectory/sanchez/builds/build/Sanchez-Italic.ttf
$ mv /home/travis/build/fontdirectory/sanchez/builds/build/Sanchez-Regular.otf.fix /home/travis/build/fontdirectory/sanchez/builds/build/Sanchez-Regular.otf
$ mv /home/travis/build/fontdirectory/sanchez/builds/build/Sanchez-Italic.ttf.fix /home/travis/build/fontdirectory/sanchez/builds/build/Sanchez-Italic.ttf
$ fontbakery-fix-vertical-metrics.py /home/travis/build/fontdirectory/sanchez/builds/build/Sanchez-Regular.otf /home/travis/build/fontdirectory/sanchez/builds/build/Sanchez-Italic.ttf
Parameter              Sanchez-Regular.otf    Sanchez-Italic.ttf    
ymax                   1003                   999                   
hhea.ascent            1003                   1003                  
OS/2.sTypoAscender     1003                   1003                  
OS/2.usWinAscent       1003                   1003                  
ymin                   -274                   -274                  
hhea.descent           -274                   -274                  
OS/2.sTypoDescender    -274                   -274                  
OS/2.usWinDescent      274                    274                   
hhea.lineGap           0                      0                     
OS/2.sTypoLineGap      0                      0                     
hhea total             1277                   1277                  
typo total             1277                   1277                  
win total              1277                   1277                  
UPM:Heights            1000:1277              1000:1273             
UPM:Heights %          127 %                  127 %                 


bakery_lint.tests.downstream.test_check_vertical_metrics.CheckVerticalAscentMetrics.test_metrics_ascents_equal_bbox(): OK
bakery_lint.tests.downstream.test_check_vertical_metrics.CheckVerticalDescentMetrics.test_metrics_descents_equal_bbox(): OK
The following table(s) in the font have been ignored by FontForge
  Ignoring 'DSIG' digital signature table
Warning: Mac string is a subset of the Windows string in the 'name' table
 for the Designer string in the English (US) language.
bakery_lint.tests.downstream.test_fontforge_validation_state.FontForgeValidateStateTest.test_allowed_numbers_paths_in_composite_glyphs(): OK
bakery_lint.tests.downstream.test_fontforge_validation_state.FontForgeValidateStateTest.test_allowed_numbers_paths_in_glyphs(): OK
bakery_lint.tests.downstream.test_fontforge_validation_state.FontForgeValidateStateTest.test_allowed_numbers_points_in_composite_glyphs(): OK
bakery_lint.tests.downstream.test_fontforge_validation_state.FontForgeValidateStateTest.test_allowed_numbers_points_in_glyphs(): OK
bakery_lint.tests.downstream.test_fontforge_validation_state.FontForgeValidateStateTest.test_duplicate_glyphs(): OK
bakery_lint.tests.downstream.test_fontforge_validation_state.FontForgeValidateStateTest.test_duplicate_unicode_codepoints(): OK
bakery_lint.tests.downstream.test_fontforge_validation_state.FontForgeValidateStateTest.test_flipped_reference_in_glyphs(): OK
bakery_lint.tests.downstream.test_fontforge_validation_state.FontForgeValidateStateTest.test_missing_anchors(): OK
bakery_lint.tests.downstream.test_fontforge_validation_state.FontForgeValidateStateTest.test_missing_extrema_in_glyphs(): FAIL
bakery_lint.tests.downstream.test_fontforge_validation_state.FontForgeValidateStateTest.test_overlapped_hints(): OK
bakery_lint.tests.downstream.test_fontforge_validation_state.FontForgeValidateStateTest.test_points_are_integer_aligned(): OK
bakery_lint.tests.downstream.test_fontforge_validation_state.FontForgeValidateStateTest.test_points_are_not_too_far_apart(): OK
bakery_lint.tests.downstream.test_fontforge_validation_state.FontForgeValidateStateTest.test_postscript_hasnt_limit_hints_in_glyphs(): OK
bakery_lint.tests.downstream.test_fontforge_validation_state.FontForgeValidateStateTest.test_postscript_hasnt_limit_points_in_glyphs(): OK
bakery_lint.tests.downstream.test_fontforge_validation_state.FontForgeValidateStateTest.test_referenced_glyphs_are_present(): OK
bakery_lint.tests.downstream.test_fontforge_validation_state.FontForgeValidateStateTest.test_valid_glyph_names(): OK
bakery_lint.tests.downstream.test_fontforge_validation_state.FontForgeValidateStateTest.test_valid_length_instructions(): OK
bakery_lint.tests.downstream.test_fontforge_validation_state.FontForgeValidateStateTest.test_validation_glyph_intersect(): FAIL
bakery_lint.tests.downstream.test_fontforge_validation_state.FontForgeValidateStateTest.test_validation_open_contours(): OK
bakery_lint.tests.downstream.test_fontforge_validation_state.FontForgeValidateStateTest.test_wrong_direction_in_glyphs(): OK
bakery_lint.tests.downstream.test_check_italic_angle_agreement.CheckItalicAngleAgreement.test_check_italic_angle_agreement(): OK
bakery_lint.tests.downstream.test_check_font_tables.CheckFontHasDsigTable.test_check_font_has_dsig_table(): OK
bakery_lint.tests.downstream.test_check_font_tables.CheckFontHasNotKernTable.test_no_kern_table_exists(): OK
bakery_lint.tests.downstream.test_check_glyph_existence.CheckGlyphExistence.test_euro(): OK
bakery_lint.tests.downstream.test_check_glyph_existence.CheckGlyphExistence.test_nbsp(): FAIL
bakery_lint.tests.downstream.test_check_glyph_existence.CheckGlyphExistence.test_space(): OK
bakery_lint.tests.downstream.test_check_fontname_matches_macstyle.CheckFontNameEqualToMacStyleFlags.test_fontname_is_equal_to_macstyle(): FAIL
bakery_lint.tests.downstream.test_gasp_table_value.CheckGaspTableType.test_check_gasp_table_type(): FAIL
$ fontbakery-fix-gasp.py --set=15 /home/travis/build/fontdirectory/sanchez/builds/build/Sanchez-Italic.ttf
$ mv /home/travis/build/fontdirectory/sanchez/builds/build/Sanchez-Italic.ttf.fix /home/travis/build/fontdirectory/sanchez/builds/build/Sanchez-Italic.ttf
bakery_lint.tests.downstream.test_gasp_table_value.CheckGaspTableType.test_check_gasp_table_type(): OK
$ fontbakery-fix-gasp.py --set=15 /home/travis/build/fontdirectory/sanchez/builds/build/Sanchez-Italic.ttf
$ mv /home/travis/build/fontdirectory/sanchez/builds/build/Sanchez-Italic.ttf.fix /home/travis/build/fontdirectory/sanchez/builds/build/Sanchez-Italic.ttf
bakery_lint.tests.downstream.test_check_no_problematic_formats.CheckNoProblematicFormats.test_check_no_problematic_formats(): OK
bakery_lint.tests.downstream.test_check_font_agreements.CheckFsTypeIsNotSet.test_is_fstype_not_set(): OK
$ fontbakery-fix-fstype.py --autofix /home/travis/build/fontdirectory/sanchez/builds/build/Sanchez-Italic.ttf
$ mv /home/travis/build/fontdirectory/sanchez/builds/build/Sanchez-Italic.ttf.fix /home/travis/build/fontdirectory/sanchez/builds/build/Sanchez-Italic.ttf
bakery_lint.tests.downstream.test_check_font_agreements.CheckFontAgreements.test_em_is_1000(): OK
bakery_lint.tests.downstream.test_check_font_agreements.CheckFontAgreements.test_font_is_font(): OK
bakery_lint.tests.downstream.test_check_font_agreements.CheckFontAgreements.test_latin_file_exists(): FAIL
bakery_lint.tests.downstream.test_check_font_agreements.CheckFontAgreements.test_menu_file_exists(): FAIL
bakery_lint.tests.downstream.test_gpos_table_has_kerning_info.CheckGposTableHasKerningInfo.test_gpos_table_has_kerning_info(): OK
bakery_lint.tests.downstream.test_check_glyf_table_length.CheckGlyfTableLength.test_check_glyf_table_length(): FAIL
bakery_lint.tests.downstream.test_check_names_same_across_platforms.CheckNamesSameAcrossPlatforms.test_check_names_same_across_platforms(): FAIL
bakery_lint.tests.downstream.test_check_nbsp_width_matches_sp_width.CheckNbspWidthMatchesSpWidth.test_check_nbsp_width_matches_sp_width(): FAIL
$ fontbakery-fix-nbsp.py /home/travis/build/fontdirectory/sanchez/builds/build/Sanchez-Italic.ttf
$ mv /home/travis/build/fontdirectory/sanchez/builds/build/Sanchez-Italic.ttf.fix /home/travis/build/fontdirectory/sanchez/builds/build/Sanchez-Italic.ttf
bakery_lint.tests.downstream.test_check_nbsp_width_matches_sp_width.CheckNbspWidthMatchesSpWidth.test_check_nbsp_width_matches_sp_width(): FAIL
bakery_lint.tests.downstream.test_check_name_table_recommendation.CheckStyleNameRecommendation.test_check_stylename_is_under_recommendations(): OK
bakery_lint.tests.downstream.test_check_name_table_recommendation.CheckOTFamilyNameRecommendation.test_check_opentype_familyname(): FAIL
$ fontbakery-fix-opentype-names.py /home/travis/build/fontdirectory/sanchez/builds/build/Sanchez-Italic.ttf
$ mv /home/travis/build/fontdirectory/sanchez/builds/build/Sanchez-Italic.ttf.fix /home/travis/build/fontdirectory/sanchez/builds/build/Sanchez-Italic.ttf
bakery_lint.tests.downstream.test_check_name_table_recommendation.CheckOTFamilyNameRecommendation.test_check_opentype_familyname(): OK
bakery_lint.tests.downstream.test_check_name_table_recommendation.CheckOTStyleNameRecommendation.test_check_opentype_stylename(): FAIL
$ fontbakery-fix-opentype-names.py /home/travis/build/fontdirectory/sanchez/builds/build/Sanchez-Italic.ttf
$ mv /home/travis/build/fontdirectory/sanchez/builds/build/Sanchez-Italic.ttf.fix /home/travis/build/fontdirectory/sanchez/builds/build/Sanchez-Italic.ttf
bakery_lint.tests.downstream.test_check_name_table_recommendation.CheckOTStyleNameRecommendation.test_check_opentype_stylename(): FAIL
bakery_lint.tests.downstream.test_check_name_table_recommendation.CheckOTFullNameRecommendation.test_check_opentype_fullname(): OK
bakery_lint.tests.downstream.test_check_unencoded_glyph.TestFontUnencodedGlyph.test_font_unencoded_glyphs(): FAIL
$ fontbakery-fix-glyph-private-encoding.py --autofix /home/travis/build/fontdirectory/sanchez/builds/build/Sanchez-Italic.ttf
$ mv /home/travis/build/fontdirectory/sanchez/builds/build/Sanchez-Italic.ttf.fix /home/travis/build/fontdirectory/sanchez/builds/build/Sanchez-Italic.ttf
bakery_lint.tests.downstream.test_check_unencoded_glyph.TestFontUnencodedGlyph.test_font_unencoded_glyphs(): FAIL
bakery_lint.tests.downstream.test_check_magic_prep_code.CheckMagicPREPByteCode.test_prep_magic_code(): FAIL
bakery_lint.tests.downstream.test_check_license_included.CheckLicenseIncluded.test_license_included_in_font_names(): OK
### Optimize TTF Sanchez-Italic.ttf
$ ls -l 'Sanchez-Italic.ttf'* # look at the size savings of that subset process
Sanchez-Italic.ttf.opt: 70344 bytes
Sanchez-Italic.ttf: 74028 bytes
$ mv /home/travis/build/fontdirectory/sanchez/builds/build/Sanchez-Italic.ttf.opt /home/travis/build/fontdirectory/sanchez/builds/build/Sanchez-Italic.ttf
### Autohint TTFs (ttfautohint) Sanchez-Italic.ttf
$ ttfautohint -l 7 -r 28 -G 50 -x 13 -w "G" /home/travis/build/fontdirectory/sanchez/builds/build/Sanchez-Italic.ttf '/home/travis/build/fontdirectory/sanchez/builds/build/Sanchez-Italic.autohint.ttf'

$ ls -l /home/travis/build/fontdirectory/sanchez/builds/build/Sanchez-Italic.*ttf # look at the size savings of that subset process
/home/travis/build/fontdirectory/sanchez/builds/build/Sanchez-Italic.ttf: 70344 bytes
/home/travis/build/fontdirectory/sanchez/builds/build/Sanchez-Italic.autohint.ttf: 102964 bytes
$ mv /home/travis/build/fontdirectory/sanchez/builds/build/Sanchez-Italic.autohint.ttf /home/travis/build/fontdirectory/sanchez/builds/build/Sanchez-Italic.ttf
### Subset TTFs (pyftsubset) Sanchez-Italic.ttf
$ pyftsubset Sanchez-Italic.latin
$ pyftsubset Sanchez-Italic.menu
strippedname:/home/travis/build/fontdirectory/sanchez/builds/build/Sanchez-Italic.ttf
No nbsp glyph
spaceWidth is    313
nbspWidth is     0
Sanchez-Italic.ttf.fix made with spaceWidth and nbspWidth of 313
$ fontbakery-build-font2ttf.py sources/Sanchez-Regular.otf Sanchez-Regular.ttf
This font contains both a 'kern' table and a 'GPOS' table.
  The 'kern' table will only be read if there is no 'kern' feature in 'GPOS'.
Success: Generated OpenType-TTF (/home/travis/build/fontdirectory/sanchez/builds/build/Sanchez-Regular.ttf)
strippedname:/home/travis/build/fontdirectory/sanchez/builds/build/Sanchez-Regular.otf
### Test Sanchez-Regular.ttf
$ fontbakery-check.py result Sanchez-Regular.ttf
bakery_lint.tests.downstream.test_check_panose_identification.CheckPanoseIdentification.test_check_panose_identification(): OK
bakery_lint.tests.downstream.test_check_os2_width_class.CheckOS2WidthClass.test_check_os2_width_class(): OK
bakery_lint.tests.downstream.test_check_full_font_name_begins_with_family_name.CheckFullFontNameBeginsWithFamilyName.test_check_full_font_name_begins_with_family_name(): OK
bakery_lint.tests.downstream.test_check_hmtx_hhea_max_advance_width_agreement.CheckHmtxHheaMaxAdvanceWidthAgreement.test_check_hmtx_hhea_max_advance_width_agreement(): OK
bakery_lint.tests.downstream.test_check_upm_heights_less_120.TestCheckUPMHeightsLess120.test_check_upm_heigths_less_120(): FAIL
bakery_lint.tests.downstream.test_check_unused_glyph_data.CheckUnusedGlyphData.test_check_unused_glyph_data(): ERROR
bakery_lint.tests.downstream.test_names_are_ascii_only.CheckNamesAreASCIIOnly.test_check_names_are_ascii_only(): FAIL
$ fontbakery-fix-ascii-fontmetadata.py /home/travis/build/fontdirectory/sanchez/builds/build/Sanchez-Regular.ttf
$ mv /home/travis/build/fontdirectory/sanchez/builds/build/Sanchez-Regular.ttf.fix /home/travis/build/fontdirectory/sanchez/builds/build/Sanchez-Regular.ttf
bakery_lint.tests.downstream.test_names_are_ascii_only.CheckNamesAreASCIIOnly.test_check_names_are_ascii_only(): OK
bakery_lint.tests.downstream.test_check_vertical_metrics.CheckVerticalLinegapMetrics.test_metrics_linegaps_are_zero(): OK
bakery_lint.tests.downstream.test_check_vertical_metrics.CheckVerticalAscentMetrics.test_metrics_ascents_equal_bbox(): FAIL
$ fontbakery-fix-vertical-metrics.py --autofix /home/travis/build/fontdirectory/sanchez/builds/build/Sanchez-Italic.ttf /home/travis/build/fontdirectory/sanchez/builds/build/Sanchez-Regular.ttf
$ mv /home/travis/build/fontdirectory/sanchez/builds/build/Sanchez-Italic.ttf.fix /home/travis/build/fontdirectory/sanchez/builds/build/Sanchez-Italic.ttf
$ mv /home/travis/build/fontdirectory/sanchez/builds/build/Sanchez-Regular.ttf.fix /home/travis/build/fontdirectory/sanchez/builds/build/Sanchez-Regular.ttf
$ fontbakery-fix-vertical-metrics.py /home/travis/build/fontdirectory/sanchez/builds/build/Sanchez-Italic.ttf /home/travis/build/fontdirectory/sanchez/builds/build/Sanchez-Regular.ttf
Parameter              Sanchez-Italic.ttf    Sanchez-Regular.ttf    
ymax                   999                   999                    
hhea.ascent            999                   999                    
OS/2.sTypoAscender     999                   999                    
OS/2.usWinAscent       999                   999                    
ymin                   -274                  -274                   
hhea.descent           -274                  -274                   
OS/2.sTypoDescender    -274                  -274                   
OS/2.usWinDescent      274                   274                    
hhea.lineGap           0                     0                      
OS/2.sTypoLineGap      0                     0                      
hhea total             1273                  1273                   
typo total             1273                  1273                   
win total              1273                  1273                   
UPM:Heights            1000:1273             1000:1273              
UPM:Heights %          127 %                 127 %                  


bakery_lint.tests.downstream.test_check_vertical_metrics.CheckVerticalAscentMetrics.test_metrics_ascents_equal_bbox(): OK
bakery_lint.tests.downstream.test_check_vertical_metrics.CheckVerticalDescentMetrics.test_metrics_descents_equal_bbox(): OK
The following table(s) in the font have been ignored by FontForge
  Ignoring 'DSIG' digital signature table
Warning: Mac string is a subset of the Windows string in the 'name' table
 for the Designer string in the English (US) language.
bakery_lint.tests.downstream.test_fontforge_validation_state.FontForgeValidateStateTest.test_allowed_numbers_paths_in_composite_glyphs(): OK
bakery_lint.tests.downstream.test_fontforge_validation_state.FontForgeValidateStateTest.test_allowed_numbers_paths_in_glyphs(): OK
bakery_lint.tests.downstream.test_fontforge_validation_state.FontForgeValidateStateTest.test_allowed_numbers_points_in_composite_glyphs(): OK
bakery_lint.tests.downstream.test_fontforge_validation_state.FontForgeValidateStateTest.test_allowed_numbers_points_in_glyphs(): OK
bakery_lint.tests.downstream.test_fontforge_validation_state.FontForgeValidateStateTest.test_duplicate_glyphs(): OK
bakery_lint.tests.downstream.test_fontforge_validation_state.FontForgeValidateStateTest.test_duplicate_unicode_codepoints(): OK
bakery_lint.tests.downstream.test_fontforge_validation_state.FontForgeValidateStateTest.test_flipped_reference_in_glyphs(): OK
bakery_lint.tests.downstream.test_fontforge_validation_state.FontForgeValidateStateTest.test_missing_anchors(): OK
bakery_lint.tests.downstream.test_fontforge_validation_state.FontForgeValidateStateTest.test_missing_extrema_in_glyphs(): FAIL
bakery_lint.tests.downstream.test_fontforge_validation_state.FontForgeValidateStateTest.test_overlapped_hints(): OK
bakery_lint.tests.downstream.test_fontforge_validation_state.FontForgeValidateStateTest.test_points_are_integer_aligned(): OK
bakery_lint.tests.downstream.test_fontforge_validation_state.FontForgeValidateStateTest.test_points_are_not_too_far_apart(): OK
bakery_lint.tests.downstream.test_fontforge_validation_state.FontForgeValidateStateTest.test_postscript_hasnt_limit_hints_in_glyphs(): OK
bakery_lint.tests.downstream.test_fontforge_validation_state.FontForgeValidateStateTest.test_postscript_hasnt_limit_points_in_glyphs(): OK
bakery_lint.tests.downstream.test_fontforge_validation_state.FontForgeValidateStateTest.test_referenced_glyphs_are_present(): OK
bakery_lint.tests.downstream.test_fontforge_validation_state.FontForgeValidateStateTest.test_valid_glyph_names(): OK
bakery_lint.tests.downstream.test_fontforge_validation_state.FontForgeValidateStateTest.test_valid_length_instructions(): OK
bakery_lint.tests.downstream.test_fontforge_validation_state.FontForgeValidateStateTest.test_validation_glyph_intersect(): FAIL
bakery_lint.tests.downstream.test_fontforge_validation_state.FontForgeValidateStateTest.test_validation_open_contours(): OK
bakery_lint.tests.downstream.test_fontforge_validation_state.FontForgeValidateStateTest.test_wrong_direction_in_glyphs(): OK
bakery_lint.tests.downstream.test_check_italic_angle_agreement.CheckItalicAngleAgreement.test_check_italic_angle_agreement(): OK
bakery_lint.tests.downstream.test_check_font_tables.CheckFontHasDsigTable.test_check_font_has_dsig_table(): OK
bakery_lint.tests.downstream.test_check_font_tables.CheckFontHasNotKernTable.test_no_kern_table_exists(): OK
bakery_lint.tests.downstream.test_check_glyph_existence.CheckGlyphExistence.test_euro(): OK
bakery_lint.tests.downstream.test_check_glyph_existence.CheckGlyphExistence.test_nbsp(): FAIL
bakery_lint.tests.downstream.test_check_glyph_existence.CheckGlyphExistence.test_space(): OK
bakery_lint.tests.downstream.test_check_fontname_matches_macstyle.CheckFontNameEqualToMacStyleFlags.test_fontname_is_equal_to_macstyle(): FAIL
bakery_lint.tests.downstream.test_gasp_table_value.CheckGaspTableType.test_check_gasp_table_type(): FAIL
$ fontbakery-fix-gasp.py --set=15 /home/travis/build/fontdirectory/sanchez/builds/build/Sanchez-Regular.ttf
$ mv /home/travis/build/fontdirectory/sanchez/builds/build/Sanchez-Regular.ttf.fix /home/travis/build/fontdirectory/sanchez/builds/build/Sanchez-Regular.ttf
bakery_lint.tests.downstream.test_gasp_table_value.CheckGaspTableType.test_check_gasp_table_type(): OK
$ fontbakery-fix-gasp.py --set=15 /home/travis/build/fontdirectory/sanchez/builds/build/Sanchez-Regular.ttf
$ mv /home/travis/build/fontdirectory/sanchez/builds/build/Sanchez-Regular.ttf.fix /home/travis/build/fontdirectory/sanchez/builds/build/Sanchez-Regular.ttf
bakery_lint.tests.downstream.test_check_no_problematic_formats.CheckNoProblematicFormats.test_check_no_problematic_formats(): OK
bakery_lint.tests.downstream.test_check_font_agreements.CheckFsTypeIsNotSet.test_is_fstype_not_set(): OK
$ fontbakery-fix-fstype.py --autofix /home/travis/build/fontdirectory/sanchez/builds/build/Sanchez-Regular.ttf
$ mv /home/travis/build/fontdirectory/sanchez/builds/build/Sanchez-Regular.ttf.fix /home/travis/build/fontdirectory/sanchez/builds/build/Sanchez-Regular.ttf
bakery_lint.tests.downstream.test_check_font_agreements.CheckFontAgreements.test_em_is_1000(): OK
bakery_lint.tests.downstream.test_check_font_agreements.CheckFontAgreements.test_font_is_font(): OK
bakery_lint.tests.downstream.test_check_font_agreements.CheckFontAgreements.test_latin_file_exists(): FAIL
bakery_lint.tests.downstream.test_check_font_agreements.CheckFontAgreements.test_menu_file_exists(): FAIL
bakery_lint.tests.downstream.test_gpos_table_has_kerning_info.CheckGposTableHasKerningInfo.test_gpos_table_has_kerning_info(): OK
bakery_lint.tests.downstream.test_check_glyf_table_length.CheckGlyfTableLength.test_check_glyf_table_length(): FAIL
bakery_lint.tests.downstream.test_check_names_same_across_platforms.CheckNamesSameAcrossPlatforms.test_check_names_same_across_platforms(): FAIL
bakery_lint.tests.downstream.test_check_nbsp_width_matches_sp_width.CheckNbspWidthMatchesSpWidth.test_check_nbsp_width_matches_sp_width(): FAIL
$ fontbakery-fix-nbsp.py /home/travis/build/fontdirectory/sanchez/builds/build/Sanchez-Regular.ttf
$ mv /home/travis/build/fontdirectory/sanchez/builds/build/Sanchez-Regular.ttf.fix /home/travis/build/fontdirectory/sanchez/builds/build/Sanchez-Regular.ttf
bakery_lint.tests.downstream.test_check_nbsp_width_matches_sp_width.CheckNbspWidthMatchesSpWidth.test_check_nbsp_width_matches_sp_width(): FAIL
bakery_lint.tests.downstream.test_check_name_table_recommendation.CheckStyleNameRecommendation.test_check_stylename_is_under_recommendations(): OK
bakery_lint.tests.downstream.test_check_name_table_recommendation.CheckOTFamilyNameRecommendation.test_check_opentype_familyname(): FAIL
$ fontbakery-fix-opentype-names.py /home/travis/build/fontdirectory/sanchez/builds/build/Sanchez-Regular.ttf
$ mv /home/travis/build/fontdirectory/sanchez/builds/build/Sanchez-Regular.ttf.fix /home/travis/build/fontdirectory/sanchez/builds/build/Sanchez-Regular.ttf
bakery_lint.tests.downstream.test_check_name_table_recommendation.CheckOTFamilyNameRecommendation.test_check_opentype_familyname(): OK
bakery_lint.tests.downstream.test_check_name_table_recommendation.CheckOTStyleNameRecommendation.test_check_opentype_stylename(): OK
bakery_lint.tests.downstream.test_check_name_table_recommendation.CheckOTFullNameRecommendation.test_check_opentype_fullname(): OK
bakery_lint.tests.downstream.test_check_unencoded_glyph.TestFontUnencodedGlyph.test_font_unencoded_glyphs(): FAIL
$ fontbakery-fix-glyph-private-encoding.py --autofix /home/travis/build/fontdirectory/sanchez/builds/build/Sanchez-Regular.ttf
$ mv /home/travis/build/fontdirectory/sanchez/builds/build/Sanchez-Regular.ttf.fix /home/travis/build/fontdirectory/sanchez/builds/build/Sanchez-Regular.ttf
bakery_lint.tests.downstream.test_check_unencoded_glyph.TestFontUnencodedGlyph.test_font_unencoded_glyphs(): FAIL
bakery_lint.tests.downstream.test_check_magic_prep_code.CheckMagicPREPByteCode.test_prep_magic_code(): FAIL
bakery_lint.tests.downstream.test_check_license_included.CheckLicenseIncluded.test_license_included_in_font_names(): OK
### Optimize TTF Sanchez-Regular.ttf
$ ls -l 'Sanchez-Regular.ttf'* # look at the size savings of that subset process
Sanchez-Regular.ttf.opt: 64356 bytes
Sanchez-Regular.ttf: 72232 bytes
$ mv /home/travis/build/fontdirectory/sanchez/builds/build/Sanchez-Regular.ttf.opt /home/travis/build/fontdirectory/sanchez/builds/build/Sanchez-Regular.ttf
### Autohint TTFs (ttfautohint) Sanchez-Regular.ttf
$ ttfautohint -l 7 -r 28 -G 50 -x 13 -w "G" /home/travis/build/fontdirectory/sanchez/builds/build/Sanchez-Regular.ttf '/home/travis/build/fontdirectory/sanchez/builds/build/Sanchez-Regular.autohint.ttf'

$ ls -l /home/travis/build/fontdirectory/sanchez/builds/build/Sanchez-Regular.*ttf # look at the size savings of that subset process
/home/travis/build/fontdirectory/sanchez/builds/build/Sanchez-Regular.ttf: 64356 bytes
/home/travis/build/fontdirectory/sanchez/builds/build/Sanchez-Regular.autohint.ttf: 95372 bytes
$ mv /home/travis/build/fontdirectory/sanchez/builds/build/Sanchez-Regular.autohint.ttf /home/travis/build/fontdirectory/sanchez/builds/build/Sanchez-Regular.ttf
### Subset TTFs (pyftsubset) Sanchez-Regular.ttf
$ pyftsubset Sanchez-Regular.latin
$ pyftsubset Sanchez-Regular.menu
strippedname:/home/travis/build/fontdirectory/sanchez/builds/build/Sanchez-Regular.ttf
No nbsp glyph
spaceWidth is    313
nbspWidth is     0
Sanchez-Regular.ttf.fix made with spaceWidth and nbspWidth of 313
$ fontbakery-build-font2ttf.py sources/Sanchez-Italic-TTF.sfd Sanchez-Italic-TTF.ttf
Success: Generated OpenType-TTF (/home/travis/build/fontdirectory/sanchez/builds/build/Sanchez-Italic-TTF.ttf)
### Test Sanchez-Italic-TTF.ttf
$ fontbakery-check.py result Sanchez-Italic-TTF.ttf
bakery_lint.tests.downstream.test_check_panose_identification.CheckPanoseIdentification.test_check_panose_identification(): OK
bakery_lint.tests.downstream.test_check_os2_width_class.CheckOS2WidthClass.test_check_os2_width_class(): OK
bakery_lint.tests.downstream.test_check_full_font_name_begins_with_family_name.CheckFullFontNameBeginsWithFamilyName.test_check_full_font_name_begins_with_family_name(): OK
bakery_lint.tests.downstream.test_check_hmtx_hhea_max_advance_width_agreement.CheckHmtxHheaMaxAdvanceWidthAgreement.test_check_hmtx_hhea_max_advance_width_agreement(): OK
bakery_lint.tests.downstream.test_check_upm_heights_less_120.TestCheckUPMHeightsLess120.test_check_upm_heigths_less_120(): FAIL
bakery_lint.tests.downstream.test_check_unused_glyph_data.CheckUnusedGlyphData.test_check_unused_glyph_data(): ERROR
bakery_lint.tests.downstream.test_names_are_ascii_only.CheckNamesAreASCIIOnly.test_check_names_are_ascii_only(): FAIL
$ fontbakery-fix-ascii-fontmetadata.py /home/travis/build/fontdirectory/sanchez/builds/build/Sanchez-Italic-TTF.ttf
$ mv /home/travis/build/fontdirectory/sanchez/builds/build/Sanchez-Italic-TTF.ttf.fix /home/travis/build/fontdirectory/sanchez/builds/build/Sanchez-Italic-TTF.ttf
bakery_lint.tests.downstream.test_names_are_ascii_only.CheckNamesAreASCIIOnly.test_check_names_are_ascii_only(): OK
bakery_lint.tests.downstream.test_check_vertical_metrics.CheckVerticalLinegapMetrics.test_metrics_linegaps_are_zero(): OK
bakery_lint.tests.downstream.test_check_vertical_metrics.CheckVerticalAscentMetrics.test_metrics_ascents_equal_bbox(): FAIL
$ fontbakery-fix-vertical-metrics.py --autofix /home/travis/build/fontdirectory/sanchez/builds/build/Sanchez-Italic-TTF.ttf /home/travis/build/fontdirectory/sanchez/builds/build/Sanchez-Italic.ttf /home/travis/build/fontdirectory/sanchez/builds/build/Sanchez-Regular.ttf
$ mv /home/travis/build/fontdirectory/sanchez/builds/build/Sanchez-Italic-TTF.ttf.fix /home/travis/build/fontdirectory/sanchez/builds/build/Sanchez-Italic-TTF.ttf
$ mv /home/travis/build/fontdirectory/sanchez/builds/build/Sanchez-Italic.ttf.fix /home/travis/build/fontdirectory/sanchez/builds/build/Sanchez-Italic.ttf
$ mv /home/travis/build/fontdirectory/sanchez/builds/build/Sanchez-Regular.ttf.fix /home/travis/build/fontdirectory/sanchez/builds/build/Sanchez-Regular.ttf
$ fontbakery-fix-vertical-metrics.py /home/travis/build/fontdirectory/sanchez/builds/build/Sanchez-Italic-TTF.ttf /home/travis/build/fontdirectory/sanchez/builds/build/Sanchez-Italic.ttf /home/travis/build/fontdirectory/sanchez/builds/build/Sanchez-Regular.ttf
Parameter              Sanchez-Italic-TTF.ttf    Sanchez-Italic.ttf    Sanchez-Regular.ttf    
ymax                   1004                      999                   999                    
hhea.ascent            1004                      1004                  1004                   
OS/2.sTypoAscender     1004                      1004                  1004                   
OS/2.usWinAscent       1004                      1004                  1004                   
ymin                   -274                      -274                  -274                   
hhea.descent           -274                      -274                  -274                   
OS/2.sTypoDescender    -274                      -274                  -274                   
OS/2.usWinDescent      274                       274                   274                    
hhea.lineGap           0                         0                     0                      
OS/2.sTypoLineGap      0                         0                     0                      
hhea total             1278                      1278                  1278                   
typo total             1278                      1278                  1278                   
win total              1278                      1278                  1278                   
UPM:Heights            1000:1278                 1000:1273             1000:1273              
UPM:Heights %          127 %                     127 %                 127 %                  


bakery_lint.tests.downstream.test_check_vertical_metrics.CheckVerticalAscentMetrics.test_metrics_ascents_equal_bbox(): OK
bakery_lint.tests.downstream.test_check_vertical_metrics.CheckVerticalDescentMetrics.test_metrics_descents_equal_bbox(): OK
The following table(s) in the font have been ignored by FontForge
  Ignoring 'DSIG' digital signature table
Warning: Mac string is a subset of the Windows string in the 'name' table
 for the Designer string in the English (US) language.
bakery_lint.tests.downstream.test_fontforge_validation_state.FontForgeValidateStateTest.test_allowed_numbers_paths_in_composite_glyphs(): OK
bakery_lint.tests.downstream.test_fontforge_validation_state.FontForgeValidateStateTest.test_allowed_numbers_paths_in_glyphs(): OK
bakery_lint.tests.downstream.test_fontforge_validation_state.FontForgeValidateStateTest.test_allowed_numbers_points_in_composite_glyphs(): OK
bakery_lint.tests.downstream.test_fontforge_validation_state.FontForgeValidateStateTest.test_allowed_numbers_points_in_glyphs(): OK
bakery_lint.tests.downstream.test_fontforge_validation_state.FontForgeValidateStateTest.test_duplicate_glyphs(): OK
bakery_lint.tests.downstream.test_fontforge_validation_state.FontForgeValidateStateTest.test_duplicate_unicode_codepoints(): OK
bakery_lint.tests.downstream.test_fontforge_validation_state.FontForgeValidateStateTest.test_flipped_reference_in_glyphs(): OK
bakery_lint.tests.downstream.test_fontforge_validation_state.FontForgeValidateStateTest.test_missing_anchors(): OK
bakery_lint.tests.downstream.test_fontforge_validation_state.FontForgeValidateStateTest.test_missing_extrema_in_glyphs(): FAIL
bakery_lint.tests.downstream.test_fontforge_validation_state.FontForgeValidateStateTest.test_overlapped_hints(): OK
bakery_lint.tests.downstream.test_fontforge_validation_state.FontForgeValidateStateTest.test_points_are_integer_aligned(): OK
bakery_lint.tests.downstream.test_fontforge_validation_state.FontForgeValidateStateTest.test_points_are_not_too_far_apart(): OK
bakery_lint.tests.downstream.test_fontforge_validation_state.FontForgeValidateStateTest.test_postscript_hasnt_limit_hints_in_glyphs(): OK
bakery_lint.tests.downstream.test_fontforge_validation_state.FontForgeValidateStateTest.test_postscript_hasnt_limit_points_in_glyphs(): OK
bakery_lint.tests.downstream.test_fontforge_validation_state.FontForgeValidateStateTest.test_referenced_glyphs_are_present(): OK
bakery_lint.tests.downstream.test_fontforge_validation_state.FontForgeValidateStateTest.test_valid_glyph_names(): OK
bakery_lint.tests.downstream.test_fontforge_validation_state.FontForgeValidateStateTest.test_valid_length_instructions(): OK
bakery_lint.tests.downstream.test_fontforge_validation_state.FontForgeValidateStateTest.test_validation_glyph_intersect(): OK
bakery_lint.tests.downstream.test_fontforge_validation_state.FontForgeValidateStateTest.test_validation_open_contours(): OK
bakery_lint.tests.downstream.test_fontforge_validation_state.FontForgeValidateStateTest.test_wrong_direction_in_glyphs(): OK
bakery_lint.tests.downstream.test_check_italic_angle_agreement.CheckItalicAngleAgreement.test_check_italic_angle_agreement(): OK
bakery_lint.tests.downstream.test_check_font_tables.CheckFontHasDsigTable.test_check_font_has_dsig_table(): OK
bakery_lint.tests.downstream.test_check_font_tables.CheckFontHasNotKernTable.test_no_kern_table_exists(): OK
bakery_lint.tests.downstream.test_check_glyph_existence.CheckGlyphExistence.test_euro(): OK
bakery_lint.tests.downstream.test_check_glyph_existence.CheckGlyphExistence.test_nbsp(): FAIL
bakery_lint.tests.downstream.test_check_glyph_existence.CheckGlyphExistence.test_space(): OK
bakery_lint.tests.downstream.test_check_fontname_matches_macstyle.CheckFontNameEqualToMacStyleFlags.test_fontname_is_equal_to_macstyle(): FAIL
bakery_lint.tests.downstream.test_gasp_table_value.CheckGaspTableType.test_check_gasp_table_type(): OK
$ fontbakery-fix-gasp.py --set=15 /home/travis/build/fontdirectory/sanchez/builds/build/Sanchez-Italic-TTF.ttf
$ mv /home/travis/build/fontdirectory/sanchez/builds/build/Sanchez-Italic-TTF.ttf.fix /home/travis/build/fontdirectory/sanchez/builds/build/Sanchez-Italic-TTF.ttf
bakery_lint.tests.downstream.test_check_no_problematic_formats.CheckNoProblematicFormats.test_check_no_problematic_formats(): OK
bakery_lint.tests.downstream.test_check_font_agreements.CheckFsTypeIsNotSet.test_is_fstype_not_set(): OK
$ fontbakery-fix-fstype.py --autofix /home/travis/build/fontdirectory/sanchez/builds/build/Sanchez-Italic-TTF.ttf
$ mv /home/travis/build/fontdirectory/sanchez/builds/build/Sanchez-Italic-TTF.ttf.fix /home/travis/build/fontdirectory/sanchez/builds/build/Sanchez-Italic-TTF.ttf
bakery_lint.tests.downstream.test_check_font_agreements.CheckFontAgreements.test_em_is_1000(): OK
bakery_lint.tests.downstream.test_check_font_agreements.CheckFontAgreements.test_font_is_font(): OK
bakery_lint.tests.downstream.test_check_font_agreements.CheckFontAgreements.test_latin_file_exists(): FAIL
bakery_lint.tests.downstream.test_check_font_agreements.CheckFontAgreements.test_menu_file_exists(): FAIL
bakery_lint.tests.downstream.test_gpos_table_has_kerning_info.CheckGposTableHasKerningInfo.test_gpos_table_has_kerning_info(): OK
bakery_lint.tests.downstream.test_check_glyf_table_length.CheckGlyfTableLength.test_check_glyf_table_length(): FAIL
bakery_lint.tests.downstream.test_check_names_same_across_platforms.CheckNamesSameAcrossPlatforms.test_check_names_same_across_platforms(): FAIL
bakery_lint.tests.downstream.test_check_nbsp_width_matches_sp_width.CheckNbspWidthMatchesSpWidth.test_check_nbsp_width_matches_sp_width(): FAIL
$ fontbakery-fix-nbsp.py /home/travis/build/fontdirectory/sanchez/builds/build/Sanchez-Italic-TTF.ttf
$ mv /home/travis/build/fontdirectory/sanchez/builds/build/Sanchez-Italic-TTF.ttf.fix /home/travis/build/fontdirectory/sanchez/builds/build/Sanchez-Italic-TTF.ttf
bakery_lint.tests.downstream.test_check_nbsp_width_matches_sp_width.CheckNbspWidthMatchesSpWidth.test_check_nbsp_width_matches_sp_width(): FAIL
bakery_lint.tests.downstream.test_check_name_table_recommendation.CheckStyleNameRecommendation.test_check_stylename_is_under_recommendations(): OK
bakery_lint.tests.downstream.test_check_name_table_recommendation.CheckOTFamilyNameRecommendation.test_check_opentype_familyname(): FAIL
$ fontbakery-fix-opentype-names.py /home/travis/build/fontdirectory/sanchez/builds/build/Sanchez-Italic-TTF.ttf
$ mv /home/travis/build/fontdirectory/sanchez/builds/build/Sanchez-Italic-TTF.ttf.fix /home/travis/build/fontdirectory/sanchez/builds/build/Sanchez-Italic-TTF.ttf
bakery_lint.tests.downstream.test_check_name_table_recommendation.CheckOTFamilyNameRecommendation.test_check_opentype_familyname(): OK
bakery_lint.tests.downstream.test_check_name_table_recommendation.CheckOTStyleNameRecommendation.test_check_opentype_stylename(): FAIL
$ fontbakery-fix-opentype-names.py /home/travis/build/fontdirectory/sanchez/builds/build/Sanchez-Italic-TTF.ttf
$ mv /home/travis/build/fontdirectory/sanchez/builds/build/Sanchez-Italic-TTF.ttf.fix /home/travis/build/fontdirectory/sanchez/builds/build/Sanchez-Italic-TTF.ttf
bakery_lint.tests.downstream.test_check_name_table_recommendation.CheckOTStyleNameRecommendation.test_check_opentype_stylename(): FAIL
bakery_lint.tests.downstream.test_check_name_table_recommendation.CheckOTFullNameRecommendation.test_check_opentype_fullname(): OK
bakery_lint.tests.downstream.test_check_unencoded_glyph.TestFontUnencodedGlyph.test_font_unencoded_glyphs(): FAIL
$ fontbakery-fix-glyph-private-encoding.py --autofix /home/travis/build/fontdirectory/sanchez/builds/build/Sanchez-Italic-TTF.ttf
$ mv /home/travis/build/fontdirectory/sanchez/builds/build/Sanchez-Italic-TTF.ttf.fix /home/travis/build/fontdirectory/sanchez/builds/build/Sanchez-Italic-TTF.ttf
bakery_lint.tests.downstream.test_check_unencoded_glyph.TestFontUnencodedGlyph.test_font_unencoded_glyphs(): FAIL
bakery_lint.tests.downstream.test_check_magic_prep_code.CheckMagicPREPByteCode.test_prep_magic_code(): OK
bakery_lint.tests.downstream.test_check_license_included.CheckLicenseIncluded.test_license_included_in_font_names(): OK
### Optimize TTF Sanchez-Italic-TTF.ttf
$ ls -l 'Sanchez-Italic-TTF.ttf'* # look at the size savings of that subset process
Sanchez-Italic-TTF.ttf.opt: 71212 bytes
Sanchez-Italic-TTF.ttf: 74836 bytes
$ mv /home/travis/build/fontdirectory/sanchez/builds/build/Sanchez-Italic-TTF.ttf.opt /home/travis/build/fontdirectory/sanchez/builds/build/Sanchez-Italic-TTF.ttf
### Autohint TTFs (ttfautohint) Sanchez-Italic-TTF.ttf
$ ttfautohint -l 7 -r 28 -G 50 -x 13 -w "G" /home/travis/build/fontdirectory/sanchez/builds/build/Sanchez-Italic-TTF.ttf '/home/travis/build/fontdirectory/sanchez/builds/build/Sanchez-Italic-TTF.autohint.ttf'

$ ls -l /home/travis/build/fontdirectory/sanchez/builds/build/Sanchez-Italic-TTF.*ttf # look at the size savings of that subset process
/home/travis/build/fontdirectory/sanchez/builds/build/Sanchez-Italic-TTF.ttf: 71212 bytes
/home/travis/build/fontdirectory/sanchez/builds/build/Sanchez-Italic-TTF.autohint.ttf: 104424 bytes
$ mv /home/travis/build/fontdirectory/sanchez/builds/build/Sanchez-Italic-TTF.autohint.ttf /home/travis/build/fontdirectory/sanchez/builds/build/Sanchez-Italic-TTF.ttf
### Subset TTFs (pyftsubset) Sanchez-Italic-TTF.ttf
$ pyftsubset Sanchez-Italic-TTF.latin
$ pyftsubset Sanchez-Italic-TTF.menu
strippedname:/home/travis/build/fontdirectory/sanchez/builds/build/Sanchez-Italic-TTF.ttf
No nbsp glyph
spaceWidth is    313
nbspWidth is     0
Sanchez-Italic-TTF.ttf.fix made with spaceWidth and nbspWidth of 313
$ fontbakery-build-font2ttf.py sources/Sanchez-Regular-TTF.sfd Sanchez-Regular-TTF.ttf
Success: Generated OpenType-TTF (/home/travis/build/fontdirectory/sanchez/builds/build/Sanchez-Regular-TTF.ttf)
### Test Sanchez-Regular-TTF.ttf
$ fontbakery-check.py result Sanchez-Regular-TTF.ttf
bakery_lint.tests.downstream.test_check_panose_identification.CheckPanoseIdentification.test_check_panose_identification(): OK
bakery_lint.tests.downstream.test_check_os2_width_class.CheckOS2WidthClass.test_check_os2_width_class(): OK
bakery_lint.tests.downstream.test_check_full_font_name_begins_with_family_name.CheckFullFontNameBeginsWithFamilyName.test_check_full_font_name_begins_with_family_name(): OK
bakery_lint.tests.downstream.test_check_hmtx_hhea_max_advance_width_agreement.CheckHmtxHheaMaxAdvanceWidthAgreement.test_check_hmtx_hhea_max_advance_width_agreement(): OK
bakery_lint.tests.downstream.test_check_upm_heights_less_120.TestCheckUPMHeightsLess120.test_check_upm_heigths_less_120(): FAIL
bakery_lint.tests.downstream.test_check_unused_glyph_data.CheckUnusedGlyphData.test_check_unused_glyph_data(): ERROR
bakery_lint.tests.downstream.test_names_are_ascii_only.CheckNamesAreASCIIOnly.test_check_names_are_ascii_only(): FAIL
$ fontbakery-fix-ascii-fontmetadata.py /home/travis/build/fontdirectory/sanchez/builds/build/Sanchez-Regular-TTF.ttf
$ mv /home/travis/build/fontdirectory/sanchez/builds/build/Sanchez-Regular-TTF.ttf.fix /home/travis/build/fontdirectory/sanchez/builds/build/Sanchez-Regular-TTF.ttf
bakery_lint.tests.downstream.test_names_are_ascii_only.CheckNamesAreASCIIOnly.test_check_names_are_ascii_only(): OK
bakery_lint.tests.downstream.test_check_vertical_metrics.CheckVerticalLinegapMetrics.test_metrics_linegaps_are_zero(): OK
bakery_lint.tests.downstream.test_check_vertical_metrics.CheckVerticalAscentMetrics.test_metrics_ascents_equal_bbox(): OK
bakery_lint.tests.downstream.test_check_vertical_metrics.CheckVerticalDescentMetrics.test_metrics_descents_equal_bbox(): OK
The following table(s) in the font have been ignored by FontForge
  Ignoring 'DSIG' digital signature table
Warning: Mac string is a subset of the Windows string in the 'name' table
 for the Designer string in the English (US) language.
bakery_lint.tests.downstream.test_fontforge_validation_state.FontForgeValidateStateTest.test_allowed_numbers_paths_in_composite_glyphs(): OK
bakery_lint.tests.downstream.test_fontforge_validation_state.FontForgeValidateStateTest.test_allowed_numbers_paths_in_glyphs(): OK
bakery_lint.tests.downstream.test_fontforge_validation_state.FontForgeValidateStateTest.test_allowed_numbers_points_in_composite_glyphs(): OK
bakery_lint.tests.downstream.test_fontforge_validation_state.FontForgeValidateStateTest.test_allowed_numbers_points_in_glyphs(): OK
bakery_lint.tests.downstream.test_fontforge_validation_state.FontForgeValidateStateTest.test_duplicate_glyphs(): OK
bakery_lint.tests.downstream.test_fontforge_validation_state.FontForgeValidateStateTest.test_duplicate_unicode_codepoints(): OK
bakery_lint.tests.downstream.test_fontforge_validation_state.FontForgeValidateStateTest.test_flipped_reference_in_glyphs(): OK
bakery_lint.tests.downstream.test_fontforge_validation_state.FontForgeValidateStateTest.test_missing_anchors(): OK
bakery_lint.tests.downstream.test_fontforge_validation_state.FontForgeValidateStateTest.test_missing_extrema_in_glyphs(): FAIL
bakery_lint.tests.downstream.test_fontforge_validation_state.FontForgeValidateStateTest.test_overlapped_hints(): OK
bakery_lint.tests.downstream.test_fontforge_validation_state.FontForgeValidateStateTest.test_points_are_integer_aligned(): OK
bakery_lint.tests.downstream.test_fontforge_validation_state.FontForgeValidateStateTest.test_points_are_not_too_far_apart(): OK
bakery_lint.tests.downstream.test_fontforge_validation_state.FontForgeValidateStateTest.test_postscript_hasnt_limit_hints_in_glyphs(): OK
bakery_lint.tests.downstream.test_fontforge_validation_state.FontForgeValidateStateTest.test_postscript_hasnt_limit_points_in_glyphs(): OK
bakery_lint.tests.downstream.test_fontforge_validation_state.FontForgeValidateStateTest.test_referenced_glyphs_are_present(): OK
bakery_lint.tests.downstream.test_fontforge_validation_state.FontForgeValidateStateTest.test_valid_glyph_names(): OK
bakery_lint.tests.downstream.test_fontforge_validation_state.FontForgeValidateStateTest.test_valid_length_instructions(): OK
bakery_lint.tests.downstream.test_fontforge_validation_state.FontForgeValidateStateTest.test_validation_glyph_intersect(): OK
bakery_lint.tests.downstream.test_fontforge_validation_state.FontForgeValidateStateTest.test_validation_open_contours(): OK
bakery_lint.tests.downstream.test_fontforge_validation_state.FontForgeValidateStateTest.test_wrong_direction_in_glyphs(): OK
bakery_lint.tests.downstream.test_check_italic_angle_agreement.CheckItalicAngleAgreement.test_check_italic_angle_agreement(): OK
bakery_lint.tests.downstream.test_check_font_tables.CheckFontHasDsigTable.test_check_font_has_dsig_table(): OK
bakery_lint.tests.downstream.test_check_font_tables.CheckFontHasNotKernTable.test_no_kern_table_exists(): OK
bakery_lint.tests.downstream.test_check_glyph_existence.CheckGlyphExistence.test_euro(): OK
bakery_lint.tests.downstream.test_check_glyph_existence.CheckGlyphExistence.test_nbsp(): FAIL
bakery_lint.tests.downstream.test_check_glyph_existence.CheckGlyphExistence.test_space(): OK
bakery_lint.tests.downstream.test_check_fontname_matches_macstyle.CheckFontNameEqualToMacStyleFlags.test_fontname_is_equal_to_macstyle(): FAIL
bakery_lint.tests.downstream.test_gasp_table_value.CheckGaspTableType.test_check_gasp_table_type(): OK
$ fontbakery-fix-gasp.py --set=15 /home/travis/build/fontdirectory/sanchez/builds/build/Sanchez-Regular-TTF.ttf
$ mv /home/travis/build/fontdirectory/sanchez/builds/build/Sanchez-Regular-TTF.ttf.fix /home/travis/build/fontdirectory/sanchez/builds/build/Sanchez-Regular-TTF.ttf
bakery_lint.tests.downstream.test_check_no_problematic_formats.CheckNoProblematicFormats.test_check_no_problematic_formats(): OK
bakery_lint.tests.downstream.test_check_font_agreements.CheckFsTypeIsNotSet.test_is_fstype_not_set(): OK
$ fontbakery-fix-fstype.py --autofix /home/travis/build/fontdirectory/sanchez/builds/build/Sanchez-Regular-TTF.ttf
$ mv /home/travis/build/fontdirectory/sanchez/builds/build/Sanchez-Regular-TTF.ttf.fix /home/travis/build/fontdirectory/sanchez/builds/build/Sanchez-Regular-TTF.ttf
bakery_lint.tests.downstream.test_check_font_agreements.CheckFontAgreements.test_em_is_1000(): OK
bakery_lint.tests.downstream.test_check_font_agreements.CheckFontAgreements.test_font_is_font(): OK
bakery_lint.tests.downstream.test_check_font_agreements.CheckFontAgreements.test_latin_file_exists(): FAIL
bakery_lint.tests.downstream.test_check_font_agreements.CheckFontAgreements.test_menu_file_exists(): FAIL
bakery_lint.tests.downstream.test_gpos_table_has_kerning_info.CheckGposTableHasKerningInfo.test_gpos_table_has_kerning_info(): OK
bakery_lint.tests.downstream.test_check_glyf_table_length.CheckGlyfTableLength.test_check_glyf_table_length(): FAIL
bakery_lint.tests.downstream.test_check_names_same_across_platforms.CheckNamesSameAcrossPlatforms.test_check_names_same_across_platforms(): FAIL
bakery_lint.tests.downstream.test_check_nbsp_width_matches_sp_width.CheckNbspWidthMatchesSpWidth.test_check_nbsp_width_matches_sp_width(): FAIL
$ fontbakery-fix-nbsp.py /home/travis/build/fontdirectory/sanchez/builds/build/Sanchez-Regular-TTF.ttf
$ mv /home/travis/build/fontdirectory/sanchez/builds/build/Sanchez-Regular-TTF.ttf.fix /home/travis/build/fontdirectory/sanchez/builds/build/Sanchez-Regular-TTF.ttf
bakery_lint.tests.downstream.test_check_nbsp_width_matches_sp_width.CheckNbspWidthMatchesSpWidth.test_check_nbsp_width_matches_sp_width(): FAIL
bakery_lint.tests.downstream.test_check_name_table_recommendation.CheckStyleNameRecommendation.test_check_stylename_is_under_recommendations(): OK
bakery_lint.tests.downstream.test_check_name_table_recommendation.CheckOTFamilyNameRecommendation.test_check_opentype_familyname(): FAIL
$ fontbakery-fix-opentype-names.py /home/travis/build/fontdirectory/sanchez/builds/build/Sanchez-Regular-TTF.ttf
$ mv /home/travis/build/fontdirectory/sanchez/builds/build/Sanchez-Regular-TTF.ttf.fix /home/travis/build/fontdirectory/sanchez/builds/build/Sanchez-Regular-TTF.ttf
bakery_lint.tests.downstream.test_check_name_table_recommendation.CheckOTFamilyNameRecommendation.test_check_opentype_familyname(): OK
bakery_lint.tests.downstream.test_check_name_table_recommendation.CheckOTStyleNameRecommendation.test_check_opentype_stylename(): OK
bakery_lint.tests.downstream.test_check_name_table_recommendation.CheckOTFullNameRecommendation.test_check_opentype_fullname(): OK
bakery_lint.tests.downstream.test_check_unencoded_glyph.TestFontUnencodedGlyph.test_font_unencoded_glyphs(): FAIL
$ fontbakery-fix-glyph-private-encoding.py --autofix /home/travis/build/fontdirectory/sanchez/builds/build/Sanchez-Regular-TTF.ttf
$ mv /home/travis/build/fontdirectory/sanchez/builds/build/Sanchez-Regular-TTF.ttf.fix /home/travis/build/fontdirectory/sanchez/builds/build/Sanchez-Regular-TTF.ttf
bakery_lint.tests.downstream.test_check_unencoded_glyph.TestFontUnencodedGlyph.test_font_unencoded_glyphs(): FAIL
bakery_lint.tests.downstream.test_check_magic_prep_code.CheckMagicPREPByteCode.test_prep_magic_code(): OK
bakery_lint.tests.downstream.test_check_license_included.CheckLicenseIncluded.test_license_included_in_font_names(): OK
### Optimize TTF Sanchez-Regular-TTF.ttf
$ ls -l 'Sanchez-Regular-TTF.ttf'* # look at the size savings of that subset process
Sanchez-Regular-TTF.ttf.opt: 73412 bytes
Sanchez-Regular-TTF.ttf: 77024 bytes
$ mv /home/travis/build/fontdirectory/sanchez/builds/build/Sanchez-Regular-TTF.ttf.opt /home/travis/build/fontdirectory/sanchez/builds/build/Sanchez-Regular-TTF.ttf
### Autohint TTFs (ttfautohint) Sanchez-Regular-TTF.ttf
$ ttfautohint -l 7 -r 28 -G 50 -x 13 -w "G" /home/travis/build/fontdirectory/sanchez/builds/build/Sanchez-Regular-TTF.ttf '/home/travis/build/fontdirectory/sanchez/builds/build/Sanchez-Regular-TTF.autohint.ttf'

$ ls -l /home/travis/build/fontdirectory/sanchez/builds/build/Sanchez-Regular-TTF.*ttf # look at the size savings of that subset process
/home/travis/build/fontdirectory/sanchez/builds/build/Sanchez-Regular-TTF.ttf: 73412 bytes
/home/travis/build/fontdirectory/sanchez/builds/build/Sanchez-Regular-TTF.autohint.ttf: 105620 bytes
$ mv /home/travis/build/fontdirectory/sanchez/builds/build/Sanchez-Regular-TTF.autohint.ttf /home/travis/build/fontdirectory/sanchez/builds/build/Sanchez-Regular-TTF.ttf
### Subset TTFs (pyftsubset) Sanchez-Regular-TTF.ttf
$ pyftsubset Sanchez-Regular-TTF.latin
$ pyftsubset Sanchez-Regular-TTF.menu
strippedname:/home/travis/build/fontdirectory/sanchez/builds/build/Sanchez-Regular-TTF.ttf
No nbsp glyph
spaceWidth is    313
nbspWidth is     0
Sanchez-Regular-TTF.ttf.fix made with spaceWidth and nbspWidth of 313
### (5 of 6) Generate METADATA.json (fontbakery-build-metadata.py)
$ fontbakery-build-metadata.py /home/travis/build/fontdirectory/sanchez/builds/build
{} exists
Designer's name from font is: Daniel Hernandez
Original size: 95372\nGzip size: 40179
Family Name: Sanchez
PS Name: Sanchez-Italic
Full Name: Sanchez Italic
Style: normal
Weight: 400
Filename: Sanchez-Italic-TTF.ttf
Copyright: Copyright (c) 2012, LatinoType (www.latinotype.com), with Reserved Font Name 'Sanchez'
Family Name: Sanchez
PS Name: Sanchez-Regular
Full Name: Sanchez
Style: normal
Weight: 400
Filename: Sanchez-Regular-TTF.ttf
Copyright: Copyright (c) 2012, LatinoType (www.latinotype.com), with Reserved Font Name 'Sanchez'
Family Name: Sanchez
PS Name: Sanchez-Italic
Full Name: Sanchez Italic
Style: normal
Weight: 400
Filename: Sanchez-Italic.ttf
Copyright: Copyright (c) 2012, LatinoType (www.latinotype.com), with Reserved Font Name 'Sanchez'
Family Name: Sanchez
PS Name: Sanchez-Regular
Full Name: Sanchez
Style: normal
Weight: 400
Filename: Sanchez-Regular.ttf
Copyright: Copyright (c) 2012, LatinoType (www.latinotype.com), with Reserved Font Name 'Sanchez'
### (6 of 6) Run tests for METADATA.json
$ fontbakery-check.py metadata METADATA.json
bakery_lint.tests.metadata_test.MetadataSubsetsListTest.test_charset_latin(): OK
bakery_lint.tests.metadata_test.MetadataSubsetsListTest.test_charset_latin_ext(): FAIL
bakery_lint.tests.metadata_test.MetadataSubsetsListTest.test_charset_menu(): OK
bakery_lint.tests.metadata_test.MetadataTest.test_description_is_more_than_500b(): FAIL
bakery_lint.tests.metadata_test.MetadataTest.test_description_is_valid_html(): OK
bakery_lint.tests.metadata_test.MetadataTest.test_does_not_familyName_exist_in_daltonmaag_catalogue(): FAIL
bakery_lint.tests.metadata_test.MetadataTest.test_does_not_familyName_exist_in_fontbureau_catalogue(): OK
bakery_lint.tests.metadata_test.MetadataTest.test_does_not_familyName_exist_in_fontscom_catalogue(): FAIL
bakery_lint.tests.metadata_test.MetadataTest.test_does_not_familyName_exist_in_fontshop_catalogue(): FAIL
bakery_lint.tests.metadata_test.MetadataTest.test_does_not_familyName_exist_in_fontsmith_catalogue(): FAIL
bakery_lint.tests.metadata_test.MetadataTest.test_does_not_familyName_exist_in_houseind_catalogue(): OK
bakery_lint.tests.metadata_test.MetadataTest.test_does_not_familyName_exist_in_myfonts_catalogue(): FAIL
bakery_lint.tests.metadata_test.MetadataTest.test_does_not_familyName_exist_in_veer_catalogue(): FAIL
bakery_lint.tests.metadata_test.MetadataTest.test_family_is_listed_in_gwf(): FAIL
bakery_lint.tests.metadata_test.MetadataTest.test_metadata_atleast_latin_menu_subsets_exist(): OK
/home/travis/virtualenv/python2.7.8/lib/python2.7/site-packages/bakery_lint/tests/metadata_test.py:141: UnicodeWarning: Unicode equal comparison failed to convert both arguments to Unicode - interpreting them as being unequal
  self.assertTrue(designer in designers,
bakery_lint.tests.metadata_test.MetadataTest.test_metadata_designer_exists_in_profiles_csv(): FAIL
bakery_lint.tests.metadata_test.MetadataTest.test_metadata_fonts_items_dicts(): OK
bakery_lint.tests.metadata_test.MetadataTest.test_metadata_fonts_key_list(): OK
bakery_lint.tests.metadata_test.MetadataTest.test_metadata_fonts_no_dupes(): OK
bakery_lint.tests.metadata_test.MetadataTest.test_metadata_has_unique_style_weight_pairs(): OK
bakery_lint.tests.metadata_test.MetadataTest.test_metadata_keys(): OK
bakery_lint.tests.metadata_test.MetadataTest.test_metadata_license(): OK
bakery_lint.tests.metadata_test.MetadataTest.test_metadata_no_unknown_top_keys(): OK
bakery_lint.tests.metadata_test.MetadataTest.test_metadata_subsets_key_list(): OK
bakery_lint.tests.metadata_test.MetadataTest.test_metadata_top_keys_types(): OK
bakery_lint.tests.downstream.test_metadata_agreements.TestFontOnDiskFamilyEqualToMetadataJSON.test_font_on_disk_family_equal_in_metadata_json(): OK
bakery_lint.tests.downstream.test_metadata_agreements.TestPostScriptNameInMetadataEqualFontOnDisk.test_postscriptname_in_metadata_equal_to_font_on_disk(): OK
bakery_lint.tests.downstream.test_metadata_agreements.CheckMetadataAgreements.test_font_name_matches_family(): OK
bakery_lint.tests.downstream.test_metadata_agreements.CheckMetadataAgreements.test_metadata_family_values_are_all_the_same(): OK
bakery_lint.tests.downstream.test_metadata_agreements.CheckMetadataAgreements.test_metadata_filename_matches_postscriptname(): OK
bakery_lint.tests.downstream.test_metadata_agreements.CheckMetadataAgreements.test_metadata_font_have_regular(): OK
bakery_lint.tests.downstream.test_metadata_agreements.CheckMetadataAgreements.test_metadata_fonts_fields_have_fontname(): OK
bakery_lint.tests.downstream.test_metadata_agreements.CheckMetadataAgreements.test_metadata_fullname_is_equal_to_internal_font_fullname(): OK
bakery_lint.tests.downstream.test_metadata_agreements.CheckMetadataAgreements.test_metadata_fullname_matches_postScriptName(): FAIL
bakery_lint.tests.downstream.test_metadata_agreements.CheckMetadataAgreements.test_metadata_regular_is_400(): OK
bakery_lint.tests.downstream.test_metadata_agreements.CheckMetadataAgreements.test_metadata_regular_is_normal(): FAIL
bakery_lint.tests.downstream.test_check_metadata_fields.CheckMetadataFields.test_check_metadata_fields(): OK
bakery_lint.tests.downstream.test_check_metadata_matches_nametable.CheckMetadataMatchesNameTable.test_check_metadata_matches_nametable(): OK
bakery_lint.tests.downstream.test_check_glyph_consistency.CheckGlyphConsistencyInFamily.test_the_same_encodings_of_glyphs_across_family(): OK
bakery_lint.tests.downstream.test_check_glyph_consistency.CheckGlyphConsistencyInFamily.test_the_same_names_of_glyphs_across_family(): OK
bakery_lint.tests.downstream.test_check_glyph_consistency.CheckGlyphConsistencyInFamily.test_the_same_number_of_glyphs_across_family(): OK
bakery_lint.tests.downstream.test_check_canonical_weights.CheckCanonicalWeights.test_check_canonical_weights(): OK
bakery_lint.tests.downstream.test_check_canonical_weights.CheckPostScriptNameMatchesWeight.test_postscriptname_contains_correct_weight(): OK
bakery_lint.tests.downstream.test_check_canonical_weights.CheckFontWeightSameAsInMetadata.test_font_weight_same_as_in_metadata(): OK
bakery_lint.tests.downstream.test_check_canonical_weights.CheckFullNameEqualCanonicalName.test_metadata_contains_current_font(): OK
bakery_lint.tests.downstream.test_check_metadata_style_matches_names.CheckItalicStyleMatchesMacStyle.test_check_italic_style_matches_names(): FAIL
bakery_lint.tests.downstream.test_check_metadata_style_matches_names.CheckNormalStyleMatchesMacStyle.test_check_normal_style_matches_names(): OK
bakery_lint.tests.downstream.test_check_text_files_exist.CheckTextFilesExist.test_copyrighttxt_exists(): FAIL
bakery_lint.tests.downstream.test_check_text_files_exist.CheckTextFilesExist.test_description_exists(): OK
bakery_lint.tests.downstream.test_check_text_files_exist.CheckTextFilesExist.test_fontlogtxt_exists(): FAIL
bakery_lint.tests.downstream.test_check_text_files_exist.CheckTextFilesExist.test_licensetxt_exists(): FAIL
bakery_lint.tests.downstream.test_check_canonical_styles.CheckCanonicalStyles.test_check_canonical_styles(): OK
bakery_lint.tests.downstream.test_check_familyname_matches_fontnames.CheckFamilyNameMatchesFontNames.test_check_familyname_matches_fontnames(): OK
bakery_lint.tests.downstream.test_check_files_menu_agreements.CheckFontsMenuAgreements.test_menu_file_agreement(): OK
bakery_lint.tests.downstream.test_check_subsets_exists.CheckSubsetsExist.test_check_subsets_exists(): FAIL
bakery_lint.tests.downstream.test_metadata_font_copyright.CheckMetadataContainsReservedFontName.test_copyright_contains_correct_rfn(): OK
bakery_lint.tests.downstream.test_metadata_font_copyright.CheckMetadataContainsReservedFontName.test_copyright_is_consistent_across_family(): OK
bakery_lint.tests.downstream.test_metadata_font_copyright.CheckMetadataContainsReservedFontName.test_copyright_matches_pattern(): OK
bakery_lint.tests.downstream.test_metadata_font_copyright.CheckMetadataContainsReservedFontName.test_metadata_copyright_size(): OK
bakery_lint.tests.downstream.test_check_font_name_not_in_camelcase.CheckFontNameNotInCamelCase.test_fontname_not_in_camel_case(): OK
bakery_lint.tests.downstream.test_check_monospace_agreements.CheckMonospaceAgreement.test_check_monospace_agreement(): OK
bakery_lint.tests.downstream.test_check_menu_contains_proper_glyphs.CheckMenuSubsetContainsProperGlyphs.test_check_menu_contains_proper_glyphs(): FAIL
bakery_lint.tests.downstream.test_check_canonical_filenames.CheckCanonicalFilenames.test_check_canonical_filenames(): OK
{
  "name": "Sanchez", 
  "designer": "Daniel Hernandez", 
  "license": "OFL", 
  "visibility": "Sandbox", 
  "category": "Serif", 
  "size": 26775, 
  "fonts": [
    {
      "name": "Sanchez", 
      "postScriptName": "Sanchez-Italic", 
      "fullName": "Sanchez Italic", 
      "style": "normal", 
      "weight": 400, 
      "filename": "Sanchez-Italic-TTF.ttf", 
      "copyright": "Copyright (c) 2012, LatinoType (www.latinotype.com), with Reserved Font Name 'Sanchez'"
    }, 
    {
      "name": "Sanchez", 
      "postScriptName": "Sanchez-Regular", 
      "fullName": "Sanchez", 
      "style": "normal", 
      "weight": 400, 
      "filename": "Sanchez-Regular-TTF.ttf", 
      "copyright": "Copyright (c) 2012, LatinoType (www.latinotype.com), with Reserved Font Name 'Sanchez'"
    }, 
    {
      "name": "Sanchez", 
      "postScriptName": "Sanchez-Italic", 
      "fullName": "Sanchez Italic", 
      "style": "normal", 
      "weight": 400, 
      "filename": "Sanchez-Italic.ttf", 
      "copyright": "Copyright (c) 2012, LatinoType (www.latinotype.com), with Reserved Font Name 'Sanchez'"
    }, 
    {
      "name": "Sanchez", 
      "postScriptName": "Sanchez-Regular", 
      "fullName": "Sanchez", 
      "style": "normal", 
      "weight": 400, 
      "filename": "Sanchez-Regular.ttf", 
      "copyright": "Copyright (c) 2012, LatinoType (www.latinotype.com), with Reserved Font Name 'Sanchez'"
    }
  ], 
  "subsets": [
    "latin", 
    "menu"
  ], 
  "dateAdded": "2012-10-31"
}
